../Drivers/CMSIS/Include/core_cm0plus.h:985:34:__NVIC_SystemReset	8	static,ignoring_inline_asm
../Core/Src/main.c:48:5:read_pressure_psi	24	static
../Core/Src/main.c:72:5:read_encoder_delta	24	static
../Core/Src/main.c:125:6:clear_buffer	16	static
../Core/Src/main.c:134:6:update_display_chunks	48	static
../Core/Src/main.c:159:6:pad_center	32	static
../Core/Src/main.c:170:6:pad_right_20	24	static
../Core/Src/main.c:178:6:pad_left_20	24	static
../Core/Src/main.c:187:6:enter_emergency_shutdown	16	static
../Core/Src/main.c:218:6:monitor_status	16	static
../Core/Src/main.c:256:5:psi_to_percent	16	static
../Core/Src/main.c:287:5:main	272	static
../Core/Src/main.c:867:6:SystemClock_Config	88	static
../Core/Src/main.c:908:13:MX_ADC1_Init	24	static
../Core/Src/main.c:967:13:MX_GPIO_Init	48	static
../Core/Src/main.c:1047:6:Error_Handler	8	static,ignoring_inline_asm
