../Core/Src/newhaven_slim_oled.c:30:6:NHD_OLED_begin	8	static
../Core/Src/newhaven_slim_oled.c:49:6:NHD_OLED_SPIBitBang	32	static
../Core/Src/newhaven_slim_oled.c:107:6:NHD_OLED_sendCommand	16	static
../Core/Src/newhaven_slim_oled.c:122:6:NHD_OLED_sendData	16	static
../Core/Src/newhaven_slim_oled.c:139:6:NHD_OLED_setupPins	32	static
../Core/Src/newhaven_slim_oled.c:159:6:NHD_OLED_setupInit	8	static
../Core/Src/newhaven_slim_oled.c:217:6:NHD_OLED_displayControl	32	static
../Core/Src/newhaven_slim_oled.c:239:6:NHD_OLED_displayOn	8	static
../Core/Src/newhaven_slim_oled.c:250:6:NHD_OLED_displayOff	8	static
../Core/Src/newhaven_slim_oled.c:261:6:NHD_OLED_textClear	8	static
../Core/Src/newhaven_slim_oled.c:273:6:NHD_OLED_cursorHome	8	static
../Core/Src/newhaven_slim_oled.c:287:6:NHD_OLED_cursorMoveToRow	24	static
../Core/Src/newhaven_slim_oled.c:303:6:NHD_OLED_textClearRow	72	dynamic
../Core/Src/newhaven_slim_oled.c:323:6:NHD_OLED_shift	24	static
../Core/Src/newhaven_slim_oled.c:345:6:NHD_OLED_cursorPos	24	static
../Core/Src/newhaven_slim_oled.c:369:6:NHD_OLED_print_len	32	static
../Core/Src/newhaven_slim_oled.c:384:6:NHD_OLED_print_char	16	static
../Core/Src/newhaven_slim_oled.c:412:6:NHD_OLED_print_len_pos	32	static
../Core/Src/newhaven_slim_oled.c:433:6:NHD_OLED_print_pos	24	static
../Core/Src/newhaven_slim_oled.c:451:6:NHD_OLED_textPrintCentered	72	dynamic
../Core/Src/newhaven_slim_oled.c:485:6:NHD_OLED_textPrintRightJustified	72	dynamic
../Core/Src/newhaven_slim_oled.c:526:6:NHD_OLED_textSweep	72	dynamic
../Core/Src/newhaven_slim_oled.c:619:6:output	16	static
